{
  "items": [
    {
      "dummy1": "dummy3",
      "dummyList": []
    }
  ]
}
