{
  "items": [
    {
      "testKey": "testValue"
    }
  ],
  "paging": "AAAAAAAAAAA",
  "stats": {
    "approxTotal": 123,
    "total": 123
  }
}
